2026-05-16 09:41:13 | INFO     | src\services\task_queue.py:413 | [TaskQueue] 任务已提交: 000010 -> 42063ad663a7443c9ebac814a558d51a
2026-05-16 09:41:13 | INFO     | C:\Users\Administrator\.pyenv\pyenv-win\versions\3.10.11\lib\site-packages\uvicorn\protocols\http\httptools_impl.py:484 | 127.0.0.1:49387 - "POST /api/v1/analysis/analyze HTTP/1.1" 202
2026-05-16 09:41:13 | INFO     | data_provider\tushare_fetcher.py:169 | Tushare API 初始化成功
2026-05-16 09:41:13 | INFO     | data_provider\tushare_fetcher.py:200 | ✅ 检测到 TUSHARE_TOKEN 且 API 初始化成功，Tushare 数据源优先级提升为最高 (Priority -1)
2026-05-16 09:41:13 | INFO     | data_provider\base.py:893 | 已初始化 7 个数据源（按优先级）: TushareFetcher(P-1), EfinanceFetcher(P0), AkshareFetcher(P1), PytdxFetcher(P2), BaostockFetcher(P3), YfinanceFetcher(P4), LongbridgeFetcher(P5)
2026-05-16 09:41:13 | INFO     | C:\Users\Administrator\.pyenv\pyenv-win\versions\3.10.11\lib\site-packages\litellm\router.py:784 | Routing strategy: simple-shuffle
2026-05-16 09:41:13 | INFO     | src\analyzer.py:956 | Analyzer LLM: Router initialized from channels/YAML — 3 deployment(s), models: ['openai/gpt-5.4-nano', 'openai/deepseek-v3.2', 'openai/qwen3-max-2026-01-23']
2026-05-16 09:41:13 | INFO     | src\notification.py:173 | 已配置 1 个通知渠道：企业微信
2026-05-16 09:41:13 | INFO     | src\search_service.py:2170 | 已配置 Bocha 搜索，共 1 个 API Key
2026-05-16 09:41:13 | INFO     | src\search_service.py:2175 | 已配置 Tavily 搜索，共 1 个 API Key
2026-05-16 09:41:13 | INFO     | src\search_service.py:2200 | 已配置 SearXNG 搜索，共 1 个自建实例
2026-05-16 09:41:13 | INFO     | src\search_service.py:2218 | 新闻时效策略已启用: profile=short, profile_days=3, NEWS_MAX_AGE_DAYS=3, effective_window=3
2026-05-16 09:41:13 | INFO     | src\core\pipeline.py:123 | 调度器初始化完成，最大并发数: 3
2026-05-16 09:41:13 | INFO     | src\core\pipeline.py:124 | 已启用技术分析引擎（均线/趋势/量价指标）
2026-05-16 09:41:13 | INFO     | src\core\pipeline.py:127 | 实时行情已启用 (优先级: tushare,tencent,akshare_sina,efinance,akshare_em)
2026-05-16 09:41:13 | INFO     | src\core\pipeline.py:131 | 筹码分布分析已启用
2026-05-16 09:41:13 | INFO     | src\core\pipeline.py:137 | 搜索服务已启用
2026-05-16 09:41:13 | INFO     | src\core\pipeline.py:1208 | ========== 开始处理 000010 ==========
2026-05-16 09:41:14 | INFO     | src\core\pipeline.py:218 | 美丽生态(000010) 开始从数据源获取数据...
2026-05-16 09:41:14 | INFO     | data_provider\base.py:1001 | [数据源尝试 1/7] [TushareFetcher] 获取 000010...
2026-05-16 09:41:14 | INFO     | data_provider\base.py:364 | [TushareFetcher] 开始获取 000010 日线数据: 范围=2026-03-17 ~ 2026-05-16
2026-05-16 09:41:14 | INFO     | data_provider\base.py:383 | [TushareFetcher] 000010 获取成功: 范围=2026-03-17 ~ 2026-05-16, rows=39, elapsed=0.31s
2026-05-16 09:41:14 | INFO     | data_provider\base.py:1013 | [数据源完成] 000010 使用 [TushareFetcher] 获取成功: rows=39, elapsed=0.31s
2026-05-16 09:41:14 | INFO     | src\storage.py:2044 | 保存 000010 数据成功，新增 39 条
2026-05-16 09:41:14 | INFO     | src\core\pipeline.py:226 | 美丽生态(000010) 数据保存成功（来源: TushareFetcher，新增 39 条）
2026-05-16 09:41:14 | INFO     | data_provider\base.py:1255 | [实时行情] 000010 成功获取 (来源: tushare)
2026-05-16 09:41:14 | INFO     | data_provider\akshare_fetcher.py:1099 | [API调用] 腾讯财经接口获取 000010 实时行情: endpoint=qt.gtimg.cn/q, symbol=sz000010
2026-05-16 09:41:19 | INFO     | data_provider\akshare_fetcher.py:1204 | [实时行情-腾讯] 000010 *ST美丽: endpoint=qt.gtimg.cn/q, 价格=2.7, 涨跌=3.85%, 量比=0.82, 换手率=6.96%, elapsed=5.04s
2026-05-16 09:41:19 | INFO     | data_provider\base.py:1270 | [实时行情] 000010 从 tencent 补充了缺失字段: ['volume_ratio', 'turnover_rate', 'pe_ratio', 'pb_ratio', 'total_mv', 'circ_mv', 'amplitude']
2026-05-16 09:41:19 | INFO     | src\core\pipeline.py:273 | *ST美丽(000010) 实时行情: 价格=2.7, 量比=0.82, 换手率=6.96% (来源: tushare)
2026-05-16 09:41:20 | WARNING  | data_provider\tushare_fetcher.py:1188 | [Tushare] 获取筹码分布失败 000010: 抱歉，您没有接口(trade_cal)访问权限，权限的具体详情访问：https://tushare.pro/document/1?doc_id=108。
2026-05-16 09:41:24 | INFO     | data_provider\akshare_fetcher.py:1483 | [API调用] ak.stock_cyq_em(symbol=000010) 获取筹码分布...
2026-05-16 09:41:25 | ERROR    | data_provider\akshare_fetcher.py:1521 | [API错误] 获取 000010 筹码分布失败: ('Connection aborted.', RemoteDisconnected('Remote end closed connection without response'))
2026-05-16 09:41:25 | WARNING  | data_provider\base.py:1440 | [筹码分布] 000010 所有数据源均失败
2026-05-16 09:41:25 | INFO     | data_provider\base.py:1255 | [实时行情] 000010 成功获取 (来源: tushare)
2026-05-16 09:41:25 | INFO     | data_provider\akshare_fetcher.py:1099 | [API调用] 腾讯财经接口获取 000010 实时行情: endpoint=qt.gtimg.cn/q, symbol=sz000010
2026-05-16 09:41:31 | INFO     | data_provider\akshare_fetcher.py:1204 | [实时行情-腾讯] 000010 *ST美丽: endpoint=qt.gtimg.cn/q, 价格=2.7, 涨跌=3.85%, 量比=0.82, 换手率=6.96%, elapsed=6.12s
2026-05-16 09:41:31 | INFO     | data_provider\base.py:1270 | [实时行情] 000010 从 tencent 补充了缺失字段: ['volume_ratio', 'turnover_rate', 'pe_ratio', 'pb_ratio', 'total_mv', 'circ_mv', 'amplitude']
2026-05-16 09:41:40 | INFO     | C:\Users\Administrator\.pyenv\pyenv-win\versions\3.10.11\lib\site-packages\uvicorn\protocols\http\httptools_impl.py:484 | 127.0.0.1:49520 - "GET /api/v1/history?page=1&limit=20&start_date=2026-04-16&end_date=2026-05-16 HTTP/1.1" 200
2026-05-16 09:41:47 | WARNING  | data_provider\base.py:2489 | [TushareFetcher] 获取板块排行失败: 抱歉，您没有接口(trade_cal)访问权限，权限的具体详情访问：https://tushare.pro/document/1?doc_id=108。
2026-05-16 09:41:49 | INFO     | data_provider\efinance_fetcher.py:1015 | [API调用] ef.stock.get_realtime_quotes(['行业板块']) 获取板块行情...
2026-05-16 09:41:50 | WARNING  | C:\Users\Administrator\.pyenv\pyenv-win\versions\3.10.11\lib\site-packages\urllib3\connectionpool.py:868 | Retrying (Retry(total=4, connect=None, read=None, redirect=None, status=None)) after connection broken by 'RemoteDisconnected('Remote end closed connection without response')': /api/qt/clist/get?pn=1&pz=200&po=1&np=1&fltt=2&invt=2&fid=f12&fs=m%3A90+t%3A2+f%3A%2150&fields=f12%2Cf14%2Cf3%2Cf2%2Cf15%2Cf16%2Cf17%2Cf4%2Cf8%2Cf10%2Cf9%2Cf5%2Cf6%2Cf18%2Cf20%2Cf21%2Cf13%2Cf124%2Cf297
2026-05-16 09:41:50 | WARNING  | C:\Users\Administrator\.pyenv\pyenv-win\versions\3.10.11\lib\site-packages\urllib3\connectionpool.py:868 | Retrying (Retry(total=3, connect=None, read=None, redirect=None, status=None)) after connection broken by 'RemoteDisconnected('Remote end closed connection without response')': /api/qt/clist/get?pn=1&pz=200&po=1&np=1&fltt=2&invt=2&fid=f12&fs=m%3A90+t%3A2+f%3A%2150&fields=f12%2Cf14%2Cf3%2Cf2%2Cf15%2Cf16%2Cf17%2Cf4%2Cf8%2Cf10%2Cf9%2Cf5%2Cf6%2Cf18%2Cf20%2Cf21%2Cf13%2Cf124%2Cf297
2026-05-16 09:41:50 | WARNING  | C:\Users\Administrator\.pyenv\pyenv-win\versions\3.10.11\lib\site-packages\urllib3\connectionpool.py:868 | Retrying (Retry(total=2, connect=None, read=None, redirect=None, status=None)) after connection broken by 'RemoteDisconnected('Remote end closed connection without response')': /api/qt/clist/get?pn=1&pz=200&po=1&np=1&fltt=2&invt=2&fid=f12&fs=m%3A90+t%3A2+f%3A%2150&fields=f12%2Cf14%2Cf3%2Cf2%2Cf15%2Cf16%2Cf17%2Cf4%2Cf8%2Cf10%2Cf9%2Cf5%2Cf6%2Cf18%2Cf20%2Cf21%2Cf13%2Cf124%2Cf297
2026-05-16 09:41:50 | WARNING  | C:\Users\Administrator\.pyenv\pyenv-win\versions\3.10.11\lib\site-packages\urllib3\connectionpool.py:868 | Retrying (Retry(total=1, connect=None, read=None, redirect=None, status=None)) after connection broken by 'RemoteDisconnected('Remote end closed connection without response')': /api/qt/clist/get?pn=1&pz=200&po=1&np=1&fltt=2&invt=2&fid=f12&fs=m%3A90+t%3A2+f%3A%2150&fields=f12%2Cf14%2Cf3%2Cf2%2Cf15%2Cf16%2Cf17%2Cf4%2Cf8%2Cf10%2Cf9%2Cf5%2Cf6%2Cf18%2Cf20%2Cf21%2Cf13%2Cf124%2Cf297
2026-05-16 09:41:50 | WARNING  | C:\Users\Administrator\.pyenv\pyenv-win\versions\3.10.11\lib\site-packages\urllib3\connectionpool.py:868 | Retrying (Retry(total=0, connect=None, read=None, redirect=None, status=None)) after connection broken by 'RemoteDisconnected('Remote end closed connection without response')': /api/qt/clist/get?pn=1&pz=200&po=1&np=1&fltt=2&invt=2&fid=f12&fs=m%3A90+t%3A2+f%3A%2150&fields=f12%2Cf14%2Cf3%2Cf2%2Cf15%2Cf16%2Cf17%2Cf4%2Cf8%2Cf10%2Cf9%2Cf5%2Cf6%2Cf18%2Cf20%2Cf21%2Cf13%2Cf124%2Cf297
2026-05-16 09:41:50 | ERROR    | data_provider\efinance_fetcher.py:1041 | [efinance] 获取板块排行失败: HTTPConnectionPool(host='push2.eastmoney.com', port=80): Max retries exceeded with url: /api/qt/clist/get?pn=1&pz=200&po=1&np=1&fltt=2&invt=2&fid=f12&fs=m%3A90+t%3A2+f%3A%2150&fields=f12%2Cf14%2Cf3%2Cf2%2Cf15%2Cf16%2Cf17%2Cf4%2Cf8%2Cf10%2Cf9%2Cf5%2Cf6%2Cf18%2Cf20%2Cf21%2Cf13%2Cf124%2Cf297 (Caused by ProtocolError('Connection aborted.', RemoteDisconnected('Remote end closed connection without response')))
2026-05-16 09:41:54 | INFO     | data_provider\akshare_fetcher.py:1781 | [API调用] ak.stock_board_industry_name_em() 获取板块排行...
2026-05-16 09:41:55 | WARNING  | data_provider\base.py:2489 | [TushareFetcher] 获取板块排行失败: 抱歉，您没有接口(trade_cal)访问权限，权限的具体详情访问：https://tushare.pro/document/1?doc_id=108。
2026-05-16 09:41:55 | WARNING  | data_provider\base.py:2489 | [TushareFetcher] 获取板块排行失败: 抱歉，您没有接口(trade_cal)访问权限，权限的具体详情访问：https://tushare.pro/document/1?doc_id=108。
2026-05-16 09:41:56 | INFO     | data_provider\efinance_fetcher.py:1109 | [API调用] ef.stock.get_belong_board(stock_code=000010) 获取所属板块...
2026-05-16 09:41:57 | INFO     | data_provider\efinance_fetcher.py:1118 | [API返回] ef.stock.get_belong_board 成功: 返回 14 个板块, 耗时 0.30s
2026-05-16 09:41:57 | INFO     | data_provider\base.py:1527 | [EfinanceFetcher] 获取所属板块成功: 000010, count=14
2026-05-16 09:41:57 | INFO     | src\core\pipeline.py:357 | *ST美丽(000010) 趋势分析: 空头排列, 买入信号=持有, 评分=49
2026-05-16 09:41:57 | INFO     | src\core\pipeline.py:363 | *ST美丽(000010) 启用 Agent 模式进行分析
2026-05-16 09:41:57 | INFO     | src\agent\skills\base.py:424 | Activated all 11 skills
2026-05-16 09:41:57 | INFO     | src\agent\factory.py:257 | [AgentFactory] Activated skills: ['all']
2026-05-16 09:41:57 | INFO     | src\agent\factory.py:302 | [AgentFactory] Resolved skill prompt state: skills=['all'] (arch=multi, explicit=True, legacy_default_prompt=False)
2026-05-16 09:41:57 | INFO     | C:\Users\Administrator\.pyenv\pyenv-win\versions\3.10.11\lib\site-packages\litellm\router.py:784 | Routing strategy: simple-shuffle
2026-05-16 09:41:57 | INFO     | src\agent\llm_adapter.py:194 | Agent LLM: Router initialized from channels/YAML — 3 deployment(s), models: ['openai/gpt-5.4-nano', 'openai/deepseek-v3.2', 'openai/qwen3-max-2026-01-23']
2026-05-16 09:41:57 | INFO     | src\agent\factory.py:342 | [AgentFactory] Building AgentOrchestrator (mode=full)
2026-05-16 09:41:57 | INFO     | src\agent\runner.py:451 | Agent step 1/15
2026-05-16 09:41:57 | INFO     | C:\Users\Administrator\.pyenv\pyenv-win\versions\3.10.11\lib\site-packages\litellm\utils.py:3995 | 
LiteLLM completion() model= gpt-5.4-nano; provider = openai
2026-05-16 09:41:57 | INFO     | data_provider\efinance_fetcher.py:1015 | [API调用] ef.stock.get_realtime_quotes(['行业板块']) 获取板块行情...
2026-05-16 09:41:57 | WARNING  | C:\Users\Administrator\.pyenv\pyenv-win\versions\3.10.11\lib\site-packages\urllib3\connectionpool.py:868 | Retrying (Retry(total=4, connect=None, read=None, redirect=None, status=None)) after connection broken by 'RemoteDisconnected('Remote end closed connection without response')': /api/qt/clist/get?pn=1&pz=200&po=1&np=1&fltt=2&invt=2&fid=f12&fs=m%3A90+t%3A2+f%3A%2150&fields=f12%2Cf14%2Cf3%2Cf2%2Cf15%2Cf16%2Cf17%2Cf4%2Cf8%2Cf10%2Cf9%2Cf5%2Cf6%2Cf18%2Cf20%2Cf21%2Cf13%2Cf124%2Cf297
2026-05-16 09:41:57 | WARNING  | C:\Users\Administrator\.pyenv\pyenv-win\versions\3.10.11\lib\site-packages\urllib3\connectionpool.py:868 | Retrying (Retry(total=3, connect=None, read=None, redirect=None, status=None)) after connection broken by 'RemoteDisconnected('Remote end closed connection without response')': /api/qt/clist/get?pn=1&pz=200&po=1&np=1&fltt=2&invt=2&fid=f12&fs=m%3A90+t%3A2+f%3A%2150&fields=f12%2Cf14%2Cf3%2Cf2%2Cf15%2Cf16%2Cf17%2Cf4%2Cf8%2Cf10%2Cf9%2Cf5%2Cf6%2Cf18%2Cf20%2Cf21%2Cf13%2Cf124%2Cf297
2026-05-16 09:41:57 | WARNING  | C:\Users\Administrator\.pyenv\pyenv-win\versions\3.10.11\lib\site-packages\urllib3\connectionpool.py:868 | Retrying (Retry(total=2, connect=None, read=None, redirect=None, status=None)) after connection broken by 'RemoteDisconnected('Remote end closed connection without response')': /api/qt/clist/get?pn=1&pz=200&po=1&np=1&fltt=2&invt=2&fid=f12&fs=m%3A90+t%3A2+f%3A%2150&fields=f12%2Cf14%2Cf3%2Cf2%2Cf15%2Cf16%2Cf17%2Cf4%2Cf8%2Cf10%2Cf9%2Cf5%2Cf6%2Cf18%2Cf20%2Cf21%2Cf13%2Cf124%2Cf297
2026-05-16 09:41:57 | WARNING  | C:\Users\Administrator\.pyenv\pyenv-win\versions\3.10.11\lib\site-packages\urllib3\connectionpool.py:868 | Retrying (Retry(total=1, connect=None, read=None, redirect=None, status=None)) after connection broken by 'RemoteDisconnected('Remote end closed connection without response')': /api/qt/clist/get?pn=1&pz=200&po=1&np=1&fltt=2&invt=2&fid=f12&fs=m%3A90+t%3A2+f%3A%2150&fields=f12%2Cf14%2Cf3%2Cf2%2Cf15%2Cf16%2Cf17%2Cf4%2Cf8%2Cf10%2Cf9%2Cf5%2Cf6%2Cf18%2Cf20%2Cf21%2Cf13%2Cf124%2Cf297
2026-05-16 09:41:57 | WARNING  | C:\Users\Administrator\.pyenv\pyenv-win\versions\3.10.11\lib\site-packages\urllib3\connectionpool.py:868 | Retrying (Retry(total=0, connect=None, read=None, redirect=None, status=None)) after connection broken by 'RemoteDisconnected('Remote end closed connection without response')': /api/qt/clist/get?pn=1&pz=200&po=1&np=1&fltt=2&invt=2&fid=f12&fs=m%3A90+t%3A2+f%3A%2150&fields=f12%2Cf14%2Cf3%2Cf2%2Cf15%2Cf16%2Cf17%2Cf4%2Cf8%2Cf10%2Cf9%2Cf5%2Cf6%2Cf18%2Cf20%2Cf21%2Cf13%2Cf124%2Cf297
2026-05-16 09:41:57 | ERROR    | data_provider\efinance_fetcher.py:1041 | [efinance] 获取板块排行失败: HTTPConnectionPool(host='push2.eastmoney.com', port=80): Max retries exceeded with url: /api/qt/clist/get?pn=1&pz=200&po=1&np=1&fltt=2&invt=2&fid=f12&fs=m%3A90+t%3A2+f%3A%2150&fields=f12%2Cf14%2Cf3%2Cf2%2Cf15%2Cf16%2Cf17%2Cf4%2Cf8%2Cf10%2Cf9%2Cf5%2Cf6%2Cf18%2Cf20%2Cf21%2Cf13%2Cf124%2Cf297 (Caused by ProtocolError('Connection aborted.', RemoteDisconnected('Remote end closed connection without response')))
2026-05-16 09:41:57 | INFO     | data_provider\efinance_fetcher.py:1015 | [API调用] ef.stock.get_realtime_quotes(['行业板块']) 获取板块行情...
2026-05-16 09:41:57 | WARNING  | C:\Users\Administrator\.pyenv\pyenv-win\versions\3.10.11\lib\site-packages\urllib3\connectionpool.py:868 | Retrying (Retry(total=4, connect=None, read=None, redirect=None, status=None)) after connection broken by 'RemoteDisconnected('Remote end closed connection without response')': /api/qt/clist/get?pn=1&pz=200&po=1&np=1&fltt=2&invt=2&fid=f12&fs=m%3A90+t%3A2+f%3A%2150&fields=f12%2Cf14%2Cf3%2Cf2%2Cf15%2Cf16%2Cf17%2Cf4%2Cf8%2Cf10%2Cf9%2Cf5%2Cf6%2Cf18%2Cf20%2Cf21%2Cf13%2Cf124%2Cf297
2026-05-16 09:41:57 | WARNING  | C:\Users\Administrator\.pyenv\pyenv-win\versions\3.10.11\lib\site-packages\urllib3\connectionpool.py:868 | Retrying (Retry(total=3, connect=None, read=None, redirect=None, status=None)) after connection broken by 'RemoteDisconnected('Remote end closed connection without response')': /api/qt/clist/get?pn=1&pz=200&po=1&np=1&fltt=2&invt=2&fid=f12&fs=m%3A90+t%3A2+f%3A%2150&fields=f12%2Cf14%2Cf3%2Cf2%2Cf15%2Cf16%2Cf17%2Cf4%2Cf8%2Cf10%2Cf9%2Cf5%2Cf6%2Cf18%2Cf20%2Cf21%2Cf13%2Cf124%2Cf297
2026-05-16 09:41:58 | WARNING  | C:\Users\Administrator\.pyenv\pyenv-win\versions\3.10.11\lib\site-packages\urllib3\connectionpool.py:868 | Retrying (Retry(total=2, connect=None, read=None, redirect=None, status=None)) after connection broken by 'RemoteDisconnected('Remote end closed connection without response')': /api/qt/clist/get?pn=1&pz=200&po=1&np=1&fltt=2&invt=2&fid=f12&fs=m%3A90+t%3A2+f%3A%2150&fields=f12%2Cf14%2Cf3%2Cf2%2Cf15%2Cf16%2Cf17%2Cf4%2Cf8%2Cf10%2Cf9%2Cf5%2Cf6%2Cf18%2Cf20%2Cf21%2Cf13%2Cf124%2Cf297
2026-05-16 09:41:58 | WARNING  | C:\Users\Administrator\.pyenv\pyenv-win\versions\3.10.11\lib\site-packages\urllib3\connectionpool.py:868 | Retrying (Retry(total=1, connect=None, read=None, redirect=None, status=None)) after connection broken by 'RemoteDisconnected('Remote end closed connection without response')': /api/qt/clist/get?pn=1&pz=200&po=1&np=1&fltt=2&invt=2&fid=f12&fs=m%3A90+t%3A2+f%3A%2150&fields=f12%2Cf14%2Cf3%2Cf2%2Cf15%2Cf16%2Cf17%2Cf4%2Cf8%2Cf10%2Cf9%2Cf5%2Cf6%2Cf18%2Cf20%2Cf21%2Cf13%2Cf124%2Cf297
2026-05-16 09:41:58 | WARNING  | C:\Users\Administrator\.pyenv\pyenv-win\versions\3.10.11\lib\site-packages\urllib3\connectionpool.py:868 | Retrying (Retry(total=0, connect=None, read=None, redirect=None, status=None)) after connection broken by 'RemoteDisconnected('Remote end closed connection without response')': /api/qt/clist/get?pn=1&pz=200&po=1&np=1&fltt=2&invt=2&fid=f12&fs=m%3A90+t%3A2+f%3A%2150&fields=f12%2Cf14%2Cf3%2Cf2%2Cf15%2Cf16%2Cf17%2Cf4%2Cf8%2Cf10%2Cf9%2Cf5%2Cf6%2Cf18%2Cf20%2Cf21%2Cf13%2Cf124%2Cf297
2026-05-16 09:41:58 | ERROR    | data_provider\efinance_fetcher.py:1041 | [efinance] 获取板块排行失败: HTTPConnectionPool(host='push2.eastmoney.com', port=80): Max retries exceeded with url: /api/qt/clist/get?pn=1&pz=200&po=1&np=1&fltt=2&invt=2&fid=f12&fs=m%3A90+t%3A2+f%3A%2150&fields=f12%2Cf14%2Cf3%2Cf2%2Cf15%2Cf16%2Cf17%2Cf4%2Cf8%2Cf10%2Cf9%2Cf5%2Cf6%2Cf18%2Cf20%2Cf21%2Cf13%2Cf124%2Cf297 (Caused by ProtocolError('Connection aborted.', RemoteDisconnected('Remote end closed connection without response')))
2026-05-16 09:41:59 | WARNING  | data_provider\akshare_fetcher.py:1789 | [Akshare] 东财接口获取行业板块排行失败: ('Connection aborted.', RemoteDisconnected('Remote end closed connection without response'))，尝试新浪接口
2026-05-16 09:42:00 | INFO     | data_provider\akshare_fetcher.py:1781 | [API调用] ak.stock_board_industry_name_em() 获取板块排行...
2026-05-16 09:42:01 | INFO     | data_provider\akshare_fetcher.py:1781 | [API调用] ak.stock_board_industry_name_em() 获取板块排行...
2026-05-16 09:42:01 | INFO     | data_provider\akshare_fetcher.py:1796 | [API调用] ak.stock_sector_spot() 获取行业板块排行(新浪)...
2026-05-16 09:42:02 | INFO     | data_provider\base.py:2465 | [AkshareFetcher] 获取板块排行成功
2026-05-16 09:42:05 | INFO     | C:\Users\Administrator\.pyenv\pyenv-win\versions\3.10.11\lib\site-packages\litellm\utils.py:1656 | Wrapper: Completed Call, calling success_handler
2026-05-16 09:42:05 | INFO     | C:\Users\Administrator\.pyenv\pyenv-win\versions\3.10.11\lib\site-packages\litellm\router.py:1515 | litellm.completion(model=openai/gpt-5.4-nano)[32m 200 OK[0m
2026-05-16 09:42:05 | INFO     | src\agent\runner.py:494 | Agent requesting 5 tool call(s): ['get_daily_history', 'analyze_trend', 'get_volume_analysis', 'analyze_pattern', 'get_chip_distribution']
2026-05-16 09:42:05 | INFO     | data_provider\base.py:1001 | [数据源尝试 1/7] [TushareFetcher] 获取 000010...
2026-05-16 09:42:05 | INFO     | data_provider\tushare_fetcher.py:169 | Tushare API 初始化成功
2026-05-16 09:42:05 | INFO     | data_provider\tushare_fetcher.py:169 | Tushare API 初始化成功
2026-05-16 09:42:05 | INFO     | data_provider\tushare_fetcher.py:200 | ✅ 检测到 TUSHARE_TOKEN 且 API 初始化成功，Tushare 数据源优先级提升为最高 (Priority -1)
2026-05-16 09:42:05 | INFO     | data_provider\tushare_fetcher.py:200 | ✅ 检测到 TUSHARE_TOKEN 且 API 初始化成功，Tushare 数据源优先级提升为最高 (Priority -1)
2026-05-16 09:42:05 | INFO     | data_provider\base.py:893 | 已初始化 7 个数据源（按优先级）: TushareFetcher(P-1), EfinanceFetcher(P0), AkshareFetcher(P1), PytdxFetcher(P2), BaostockFetcher(P3), YfinanceFetcher(P4), LongbridgeFetcher(P5)
2026-05-16 09:42:05 | INFO     | data_provider\base.py:893 | 已初始化 7 个数据源（按优先级）: TushareFetcher(P-1), EfinanceFetcher(P0), AkshareFetcher(P1), PytdxFetcher(P2), BaostockFetcher(P3), YfinanceFetcher(P4), LongbridgeFetcher(P5)
2026-05-16 09:42:05 | INFO     | data_provider\base.py:1001 | [数据源尝试 1/7] [TushareFetcher] 获取 000010...
2026-05-16 09:42:05 | INFO     | data_provider\base.py:1001 | [数据源尝试 1/7] [TushareFetcher] 获取 000010...
2026-05-16 09:42:05 | INFO     | data_provider\base.py:364 | [TushareFetcher] 开始获取 000010 日线数据: 范围=2026-01-16 ~ 2026-05-16
2026-05-16 09:42:05 | INFO     | data_provider\base.py:364 | [TushareFetcher] 开始获取 000010 日线数据: 范围=2025-09-18 ~ 2026-05-16
2026-05-16 09:42:05 | WARNING  | data_provider\tushare_fetcher.py:1188 | [Tushare] 获取筹码分布失败 000010: 抱歉，您没有接口(trade_cal)访问权限，权限的具体详情访问：https://tushare.pro/document/1?doc_id=108。
2026-05-16 09:42:05 | INFO     | data_provider\base.py:383 | [TushareFetcher] 000010 获取成功: 范围=2026-01-16 ~ 2026-05-16, rows=75, elapsed=0.31s
2026-05-16 09:42:05 | INFO     | data_provider\base.py:383 | [TushareFetcher] 000010 获取成功: 范围=2025-09-18 ~ 2026-05-16, rows=153, elapsed=0.32s
2026-05-16 09:42:05 | INFO     | data_provider\base.py:364 | [TushareFetcher] 开始获取 000010 日线数据: 范围=2025-11-17 ~ 2026-05-16
2026-05-16 09:42:05 | INFO     | data_provider\base.py:1013 | [数据源完成] 000010 使用 [TushareFetcher] 获取成功: rows=75, elapsed=0.32s
2026-05-16 09:42:05 | INFO     | data_provider\base.py:1013 | [数据源完成] 000010 使用 [TushareFetcher] 获取成功: rows=153, elapsed=0.32s
2026-05-16 09:42:05 | WARNING  | data_provider\akshare_fetcher.py:1789 | [Akshare] 东财接口获取行业板块排行失败: ('Connection aborted.', RemoteDisconnected('Remote end closed connection without response'))，尝试新浪接口
2026-05-16 09:42:05 | INFO     | data_provider\base.py:383 | [TushareFetcher] 000010 获取成功: 范围=2025-11-17 ~ 2026-05-16, rows=117, elapsed=0.31s
2026-05-16 09:42:05 | INFO     | data_provider\base.py:1013 | [数据源完成] 000010 使用 [TushareFetcher] 获取成功: rows=117, elapsed=0.65s
2026-05-16 09:42:06 | WARNING  | data_provider\akshare_fetcher.py:1789 | [Akshare] 东财接口获取行业板块排行失败: ('Connection aborted.', RemoteDisconnected('Remote end closed connection without response'))，尝试新浪接口
2026-05-16 09:42:08 | INFO     | data_provider\akshare_fetcher.py:1796 | [API调用] ak.stock_sector_spot() 获取行业板块排行(新浪)...
2026-05-16 09:42:08 | INFO     | data_provider\akshare_fetcher.py:1483 | [API调用] ak.stock_cyq_em(symbol=000010) 获取筹码分布...
2026-05-16 09:42:08 | INFO     | data_provider\base.py:2465 | [AkshareFetcher] 获取板块排行成功
2026-05-16 09:42:08 | ERROR    | data_provider\akshare_fetcher.py:1521 | [API错误] 获取 000010 筹码分布失败: ('Connection aborted.', RemoteDisconnected('Remote end closed connection without response'))
2026-05-16 09:42:08 | WARNING  | data_provider\base.py:1440 | [筹码分布] 000010 所有数据源均失败
2026-05-16 09:42:08 | INFO     | src\agent\runner.py:451 | Agent step 2/15
2026-05-16 09:42:08 | INFO     | C:\Users\Administrator\.pyenv\pyenv-win\versions\3.10.11\lib\site-packages\litellm\utils.py:3995 | 
LiteLLM completion() model= gpt-5.4-nano; provider = openai
2026-05-16 09:42:10 | INFO     | C:\Users\Administrator\.pyenv\pyenv-win\versions\3.10.11\lib\site-packages\uvicorn\protocols\http\httptools_impl.py:484 | 127.0.0.1:49716 - "GET /api/v1/history?page=1&limit=20&start_date=2026-04-16&end_date=2026-05-16 HTTP/1.1" 200
2026-05-16 09:42:10 | INFO     | data_provider\akshare_fetcher.py:1796 | [API调用] ak.stock_sector_spot() 获取行业板块排行(新浪)...
2026-05-16 09:42:11 | INFO     | data_provider\base.py:2465 | [AkshareFetcher] 获取板块排行成功
2026-05-16 09:42:21 | INFO     | C:\Users\Administrator\.pyenv\pyenv-win\versions\3.10.11\lib\site-packages\litellm\utils.py:1656 | Wrapper: Completed Call, calling success_handler
2026-05-16 09:42:21 | INFO     | C:\Users\Administrator\.pyenv\pyenv-win\versions\3.10.11\lib\site-packages\litellm\router.py:1515 | litellm.completion(model=openai/gpt-5.4-nano)[32m 200 OK[0m
2026-05-16 09:42:21 | INFO     | src\agent\runner.py:564 | Agent completed in 2 steps (24.9s, 28366 tokens)
2026-05-16 09:42:21 | INFO     | src\agent\runner.py:451 | Agent step 1/15
2026-05-16 09:42:22 | INFO     | C:\Users\Administrator\.pyenv\pyenv-win\versions\3.10.11\lib\site-packages\litellm\utils.py:3995 | 
LiteLLM completion() model= gpt-5.4-nano; provider = openai
2026-05-16 09:42:29 | INFO     | C:\Users\Administrator\.pyenv\pyenv-win\versions\3.10.11\lib\site-packages\litellm\utils.py:1656 | Wrapper: Completed Call, calling success_handler
2026-05-16 09:42:29 | INFO     | C:\Users\Administrator\.pyenv\pyenv-win\versions\3.10.11\lib\site-packages\litellm\router.py:1515 | litellm.completion(model=openai/gpt-5.4-nano)[32m 200 OK[0m
2026-05-16 09:42:29 | INFO     | src\agent\runner.py:494 | Agent requesting 2 tool call(s): ['search_comprehensive_intel', 'get_capital_flow']
2026-05-16 09:42:29 | INFO     | src\search_service.py:2170 | 已配置 Bocha 搜索，共 1 个 API Key
2026-05-16 09:42:29 | INFO     | src\search_service.py:2175 | 已配置 Tavily 搜索，共 1 个 API Key
2026-05-16 09:42:29 | INFO     | src\search_service.py:2200 | 已配置 SearXNG 搜索，共 1 个自建实例
2026-05-16 09:42:29 | INFO     | src\search_service.py:2218 | 新闻时效策略已启用: profile=short, profile_days=3, NEWS_MAX_AGE_DAYS=3, effective_window=3
2026-05-16 09:42:29 | INFO     | src\search_service.py:3093 | 开始多维度情报搜索: *ST美丽(000010), 时间范围: 近3天 (profile=short, NEWS_MAX_AGE_DAYS=3), 目标条数=3, provider请求条数=6
2026-05-16 09:42:29 | INFO     | src\search_service.py:3122 | [情报搜索] 最新消息: 使用 Bocha
2026-05-16 09:42:29 | INFO     | src\search_service.py:985 | [Bocha] 搜索完成，query='*ST美丽 000010 最新 新闻 重大 事件'
2026-05-16 09:42:29 | INFO     | src\search_service.py:1009 | [Bocha] 成功解析 6 条结果
2026-05-16 09:42:29 | INFO     | src\search_service.py:241 | [Bocha] 搜索 '*ST美丽 000010 最新 新闻 重大 事件' 成功，返回 6 条结果，耗时 0.57s
2026-05-16 09:42:29 | INFO     | src\search_service.py:2636 | [新闻过滤] 000010:Bocha:latest_news: provider=Bocha, total=6, kept=1, drop_unknown=0, drop_old=5, drop_future=0, window=[2026-05-14,2026-05-17]
2026-05-16 09:42:29 | INFO     | src\search_service.py:3153 | [情报搜索] 最新消息: 原始=6条, 过滤后=1条
2026-05-16 09:42:30 | INFO     | src\search_service.py:3122 | [情报搜索] 机构分析: 使用 Tavily
2026-05-16 09:42:38 | INFO     | src\search_service.py:330 | [Tavily] 搜索完成，query='*ST美丽 研报 目标价 评级 深度分析', 返回 6 条结果
2026-05-16 09:42:38 | INFO     | src\search_service.py:241 | [Tavily] 搜索 '*ST美丽 研报 目标价 评级 深度分析' 成功，返回 6 条结果，耗时 8.28s
2026-05-16 09:42:38 | INFO     | src\search_service.py:3153 | [情报搜索] 机构分析: 原始=6条, 过滤后=3条
2026-05-16 09:42:39 | INFO     | src\search_service.py:3122 | [情报搜索] 风险排查: 使用 SearXNG
2026-05-16 09:42:40 | INFO     | C:\Users\Administrator\.pyenv\pyenv-win\versions\3.10.11\lib\site-packages\uvicorn\protocols\http\httptools_impl.py:484 | 127.0.0.1:49859 - "GET /api/v1/history?page=1&limit=20&start_date=2026-04-16&end_date=2026-05-16 HTTP/1.1" 200
2026-05-16 09:42:42 | INFO     | src\search_service.py:2061 | [SearXNG] 搜索 '*ST美丽 减持 处罚 违规 诉讼 利空 风险' 成功，实例=http://localhost:7088，返回 0 条结果，耗时 3.04s
2026-05-16 09:42:42 | INFO     | src\search_service.py:3153 | [情报搜索] 风险排查: 原始=0条, 过滤后=0条
2026-05-16 09:42:42 | INFO     | src\search_service.py:3122 | [情报搜索] 公司公告: 使用 Bocha
2026-05-16 09:42:43 | INFO     | src\search_service.py:985 | [Bocha] 搜索完成，query='*ST美丽 000010 公司公告 重要公告 上交所 深交所 cninfo'
2026-05-16 09:42:43 | INFO     | src\search_service.py:1009 | [Bocha] 成功解析 6 条结果
2026-05-16 09:42:43 | INFO     | src\search_service.py:241 | [Bocha] 搜索 '*ST美丽 000010 公司公告 重要公告 上交所 深交所 cninfo' 成功，返回 6 条结果，耗时 0.51s
2026-05-16 09:42:43 | INFO     | src\search_service.py:2636 | [新闻过滤] 000010:Bocha:announcements: provider=Bocha, total=6, kept=1, drop_unknown=0, drop_old=5, drop_future=0, window=[2026-05-14,2026-05-17]
2026-05-16 09:42:43 | INFO     | src\search_service.py:3153 | [情报搜索] 公司公告: 原始=6条, 过滤后=1条
2026-05-16 09:42:43 | INFO     | src\search_service.py:3122 | [情报搜索] 业绩预期: 使用 Tavily
2026-05-16 09:42:51 | INFO     | src\search_service.py:330 | [Tavily] 搜索完成，query='*ST美丽 业绩预告 财报 营收 净利润 同比增长', 返回 6 条结果
2026-05-16 09:42:51 | INFO     | src\search_service.py:241 | [Tavily] 搜索 '*ST美丽 业绩预告 财报 营收 净利润 同比增长' 成功，返回 6 条结果，耗时 7.85s
2026-05-16 09:42:51 | INFO     | src\search_service.py:3153 | [情报搜索] 业绩预期: 原始=6条, 过滤后=3条
2026-05-16 09:42:52 | INFO     | src\search_service.py:3122 | [情报搜索] 行业分析: 使用 SearXNG
2026-05-16 09:42:55 | INFO     | src\search_service.py:2061 | [SearXNG] 搜索 '*ST美丽 所在行业 竞争对手 市场份额 行业前景' 成功，实例=http://localhost:7088，返回 0 条结果，耗时 3.02s
2026-05-16 09:42:55 | INFO     | src\search_service.py:3153 | [情报搜索] 行业分析: 原始=0条, 过滤后=0条
2026-05-16 09:42:55 | WARNING  | src\agent\runner.py:420 | Agent budget too low for step 2 (1.4s remaining, min 8.0s)
2026-05-16 09:42:55 | WARNING  | src\agent\orchestrator.py:542 | [Orchestrator] stage 'intel' failed (non-critical, degrading): Agent step skipped due to insufficient budget: 1.43s remaining, minimum 8.0s required
2026-05-16 09:42:55 | WARNING  | src\agent\orchestrator.py:421 | [Orchestrator] pipeline insufficient budget before stage 'risk' (1.4s remaining, min 15s)
2026-05-16 09:42:55 | INFO     | src\search_service.py:2758 | 搜索股票新闻: *ST美丽(000010), query='*ST美丽 000010 股票 最新消息', 时间范围: 近3天 (profile=short, NEWS_MAX_AGE_DAYS=3, prefer_chinese=True), 目标条数=5, provider请求条数=10
2026-05-16 09:42:56 | INFO     | src\search_service.py:985 | [Bocha] 搜索完成，query='*ST美丽 000010 股票 最新消息'
2026-05-16 09:42:56 | INFO     | src\search_service.py:1009 | [Bocha] 成功解析 9 条结果
2026-05-16 09:42:56 | INFO     | src\search_service.py:241 | [Bocha] 搜索 '*ST美丽 000010 股票 最新消息' 成功，返回 9 条结果，耗时 0.43s
2026-05-16 09:42:56 | INFO     | src\search_service.py:2636 | [新闻过滤] 000010:Bocha:stock_news: provider=Bocha, total=9, kept=2, drop_unknown=0, drop_old=7, drop_future=0, window=[2026-05-14,2026-05-17]
2026-05-16 09:42:56 | INFO     | src\search_service.py:2844 | Bocha 搜索成功，识别到 2/2 条中文新闻
2026-05-16 09:42:58 | INFO     | C:\Users\Administrator\.pyenv\pyenv-win\versions\3.10.11\lib\site-packages\uvicorn\protocols\http\httptools_impl.py:484 | 127.0.0.1:49943 - "GET /api/v1/history?page=1&limit=20&start_date=2026-04-16&end_date=2026-05-16 HTTP/1.1" 200
2026-05-16 09:43:03 | INFO     | src\search_service.py:330 | [Tavily] 搜索完成，query='*ST美丽 000010 股票 最新消息', 返回 10 条结果
2026-05-16 09:43:03 | INFO     | src\search_service.py:393 | [Tavily] 搜索 '*ST美丽 000010 股票 最新消息' 成功，返回 10 条结果，耗时 7.14s
2026-05-16 09:43:03 | INFO     | src\search_service.py:2636 | [新闻过滤] 000010:Tavily:stock_news: provider=Tavily, total=10, kept=7, drop_unknown=0, drop_old=3, drop_future=0, window=[2026-05-14,2026-05-17]
2026-05-16 09:43:03 | INFO     | src\search_service.py:2863 | Tavily 搜索成功但结果仍以英文为主，继续尝试下一引擎
2026-05-16 09:43:06 | INFO     | src\search_service.py:2061 | [SearXNG] 搜索 '*ST美丽 000010 股票 最新消息' 成功，实例=http://localhost:7088，返回 0 条结果，耗时 3.01s
2026-05-16 09:43:06 | INFO     | src\search_service.py:2869 | SearXNG 搜索成功但过滤后无有效新闻，继续尝试下一引擎
2026-05-16 09:43:06 | INFO     | src\storage.py:1475 | 保存新闻情报成功: 000010, 新增 2 条
2026-05-16 09:43:06 | INFO     | src\core\pipeline.py:843 | [000010] Agent 模式: 新闻情报已保存 2 条
2026-05-16 09:43:06 | INFO     | src\core\pipeline.py:1232 | [000010] 分析完成: 观望, 评分 53
2026-05-16 09:43:06 | INFO     | src\core\pipeline.py:1446 | [000010] 使用完整报告格式
2026-05-16 09:43:06 | INFO     | src\notification.py:1623 | 正在向 1 个渠道发送通知：企业微信
2026-05-16 09:43:06 | INFO     | src\notification_sender\wechat_sender.py:141 | 企业微信消息发送成功
2026-05-16 09:43:06 | INFO     | src\notification.py:1693 | 通知发送完成：成功 1 个，失败 0 个
2026-05-16 09:43:06 | INFO     | src\core\pipeline.py:1455 | [000010] 单股推送成功
2026-05-16 09:43:06 | INFO     | src\services\task_queue.py:624 | [TaskQueue] 任务完成: 42063ad663a7443c9ebac814a558d51a (000010)
2026-05-16 09:43:06 | INFO     | C:\Users\Administrator\.pyenv\pyenv-win\versions\3.10.11\lib\site-packages\uvicorn\protocols\http\httptools_impl.py:484 | 127.0.0.1:49987 - "GET /api/v1/history?page=1&limit=20&start_date=2026-04-16&end_date=2026-05-16 HTTP/1.1" 200
